// Jest Snapshot v1, https://goo.gl/fbAQLP

exports[`MessageList test snapshot 1`] = `
<DocumentFragment>
  <ul
    class="messsagesList"
  >
    <li
      class="messageItem"
    >
      test : test message
    </li>
  </ul>
</DocumentFragment>
`;
