// Jest Snapshot v1, https://goo.gl/fbAQLP

exports[`ChatList test snapshot 1`] = `
<DocumentFragment>
  <ul
    class="MuiList-root MuiList-padding css-76yw16-MuiList-root"
    data-testid="list"
  >
    <li
      class="MuiListItem-root MuiListItem-gutters MuiListItem-padding css-1p823my-MuiListItem-root"
    >
      <div
        class="MuiListItemButton-root MuiListItemButton-gutters MuiButtonBase-root css-cvhtoe-MuiButtonBase-root-MuiListItemButton-root"
        role="button"
        tabindex="0"
      >
        <div
          class="MuiListItemText-root css-tlelie-MuiListItemText-root"
        >
          <span
            class="MuiTypography-root MuiTypography-body1 MuiListItemText-primary css-10hburv-MuiTypography-root"
          >
            Чат 1
          </span>
        </div>
        <span
          class="MuiTouchRipple-root css-8je8zh-MuiTouchRipple-root"
        />
      </div>
    </li>
    <li
      class="MuiListItem-root MuiListItem-gutters MuiListItem-padding css-1p823my-MuiListItem-root"
    >
      <div
        class="MuiListItemButton-root MuiListItemButton-gutters MuiButtonBase-root css-cvhtoe-MuiButtonBase-root-MuiListItemButton-root"
        role="button"
        tabindex="0"
      >
        <div
          class="MuiListItemText-root css-tlelie-MuiListItemText-root"
        >
          <span
            class="MuiTypography-root MuiTypography-body1 MuiListItemText-primary css-10hburv-MuiTypography-root"
          >
            Чат 2
          </span>
        </div>
        <span
          class="MuiTouchRipple-root css-8je8zh-MuiTouchRipple-root"
        />
      </div>
    </li>
    <li
      class="MuiListItem-root MuiListItem-gutters MuiListItem-padding css-1p823my-MuiListItem-root"
    >
      <div
        class="MuiListItemButton-root MuiListItemButton-gutters MuiButtonBase-root css-cvhtoe-MuiButtonBase-root-MuiListItemButton-root"
        role="button"
        tabindex="0"
      >
        <div
          class="MuiListItemText-root css-tlelie-MuiListItemText-root"
        >
          <span
            class="MuiTypography-root MuiTypography-body1 MuiListItemText-primary css-10hburv-MuiTypography-root"
          >
            Чат 3
          </span>
        </div>
        <span
          class="MuiTouchRipple-root css-8je8zh-MuiTouchRipple-root"
        />
      </div>
    </li>
    <li
      class="MuiListItem-root MuiListItem-gutters MuiListItem-padding css-1p823my-MuiListItem-root"
    >
      <div
        class="MuiListItemButton-root MuiListItemButton-gutters MuiButtonBase-root css-cvhtoe-MuiButtonBase-root-MuiListItemButton-root"
        role="button"
        tabindex="0"
      >
        <div
          class="MuiListItemText-root css-tlelie-MuiListItemText-root"
        >
          <span
            class="MuiTypography-root MuiTypography-body1 MuiListItemText-primary css-10hburv-MuiTypography-root"
          >
            Чат 4
          </span>
        </div>
        <span
          class="MuiTouchRipple-root css-8je8zh-MuiTouchRipple-root"
        />
      </div>
    </li>
  </ul>
</DocumentFragment>
`;
